I'm sorry, but errors were detected in your script. Please correct the
errors listed below, and try again.


File "game/script.rpy", line 153: 'call' is not a keyword argument or valid child of the screen statement.
    call screen target_shooter
        ^

Ren'Py Version: Ren'Py 8.5.3.26051504
Fri Jun 12 21:52:38 2026
